[promo-theme.com/mato/actor-director/index.html]
[backblue.gif]
[fade.gif]
[index.html]
[promo-theme.com/mato/wp-includes/css/dist/block-library/style.min76f9.css]
[promo-theme.com/mato/wp-content/plugins/woocommerce/packages/woocommerce-blocks/build/vendors-stylecce7.css]
[promo-theme.com/mato/wp-content/plugins/woocommerce/packages/woocommerce-blocks/build/stylecce7.css]
[promo-theme.com/mato/wp-content/plugins/contact-form-7/includes/css/styles91d5.css]
[promo-theme.com/mato/wp-content/plugins/cookie-law-info/public/css/cookie-law-info-public001e.css]
[promo-theme.com/mato/wp-content/plugins/cookie-law-info/public/css/cookie-law-info-gdpr001e.css]
[promo-theme.com/mato/wp-content/themes/mato/css/iconfont76f9.css]
[promo-theme.com/mato/wp-content/plugins/js_composer/assets/css/js_composer.min31dc.css]
[promo-theme.com/mato/wp-content/themes/mato/css/fontawesome.min76f9.css]
[promo-theme.com/mato/wp-content/themes/mato/style76f9.css]
[promo-theme.com/mato/wp-content/themes/mato/css/main76f9.css]
[promo-theme.com/mato/wp-content/themes/mato/css/woocommerce76f9.css]
[promo-theme.com/mato/wp-content/themes/mato/css/woocommerce-layout76f9.css]
[promo-theme.com/mato/wp-content/themes/mato/css/woocommerce-smallscreen76f9.css]
[promo-theme.com/mato/wp-content/themes/mato/css/select276f9.css]
[promo-theme.com/mato/wp-content/plugins/pt-mato-addons/assets/css/photoswipe.css]
[promo-theme.com/mato/wp-content/plugins/pt-mato-addons/assets/css/pt-addons76f9.css]
[code.jquery.com/jquery-1.12.4.minb8ff.js]
[cdnjs.cloudflare.com/ajax/libs/jquery-migrate/1.4.1/jquery-migrate.min330a.js]
[promo-theme.com/mato/wp-content/plugins/cookie-law-info/public/js/cookie-law-info-public001e.js]
[promo-theme.com/mato/wp-content/plugins/woocommerce/assets/js/jquery-blockui/jquery.blockUI.min44fd.js]
[promo-theme.com/mato/wp-content/plugins/woocommerce/assets/js/frontend/add-to-cart.minaead.js]
[promo-theme.com/mato/wp-content/plugins/js_composer/assets/js/vendors/woocommerce-add-to-cart31dc.js]
[promo-theme.com/mato/wp-content/plugins/pt-mato-addons/assets/js/zilla-likes76f9.js]
[promo-theme.com/mato/wp-content/uploads/2019/04/cropped-favicon-100x100.jpg]
[promo-theme.com/mato/wp-content/uploads/2019/04/cropped-favicon-300x300.jpg]
[promo-theme.com/mato/wp-content/uploads/2019/04/bg262fc6.jpg]
[promo-theme.com/mato/wp-content/uploads/2019/04/logo-light.png]
[promo-theme.com/mato/wp-content/uploads/2019/04/logo-dark.png]
[promo-theme.com/mato/actor-director/404.php]
[promo-theme.com/mato/wp-content/uploads/2019/04/reward1-dark.png]
[promo-theme.com/mato/wp-content/uploads/2019/04/reward2-dark.png]
[promo-theme.com/mato/wp-content/uploads/2019/04/reward3-dark.png]
[promo-theme.com/mato/wp-content/uploads/2019/04/img1-769x1024.jpg]
[promo-theme.com/mato/wp-content/uploads/2019/04/img2-682x1024.jpg]
[promo-theme.com/mato/wp-content/uploads/2019/04/img3-682x1024.jpg]
[promo-theme.com/mato/wp-content/uploads/2019/04/img4-822x1024.jpg]
[promo-theme.com/mato/wp-content/uploads/2019/04/img5-770x1024.jpg]
[promo-theme.com/mato/wp-content/uploads/2019/04/img6-1024x732.jpg]
[promo-theme.com/mato/wp-content/uploads/2019/04/img7-820x1024.jpg]
[promo-theme.com/mato/wp-content/uploads/2019/04/img8-1024x685.jpg]
[promo-theme.com/mato/wp-content/uploads/2019/04/img9-1024x683.jpg]
[promo-theme.com/mato/wp-content/uploads/2019/04/signature.png]
[promo-theme.com/mato/wp-content/plugins/js_composer/assets/lib/bower/animate-css/animate.min31dc.css]
[promo-theme.com/mato/wp-content/plugins/pt-mato-addons/assets/css/swiper268f.css]
[promo-theme.com/mato/wp-includes/js/dist/vendor/wp-polyfill.min89b1.js]
[promo-theme.com/mato/wp-includes/js/dist/vendor/wp-polyfill-fetch.min6e0e.js]
[promo-theme.com/mato/wp-includes/js/dist/vendor/wp-polyfill-node-contains.min2e00.js]
[promo-theme.com/mato/wp-includes/js/dist/vendor/wp-polyfill-dom-rect.min2e00.js]
[promo-theme.com/mato/wp-includes/js/dist/vendor/wp-polyfill-url.min5aed.js]
[promo-theme.com/mato/wp-includes/js/dist/vendor/wp-polyfill-formdata.mine9bd.js]
[promo-theme.com/mato/wp-includes/js/dist/vendor/wp-polyfill-element-closest.min4c56.js]
[promo-theme.com/mato/wp-includes/js/dist/i18n.min9e38.js]
[promo-theme.com/mato/wp-includes/js/dist/vendor/lodash.mind1d1.js]
[promo-theme.com/mato/wp-includes/js/dist/url.min1703.js]
[promo-theme.com/mato/wp-includes/js/dist/hooks.mina32e.js]
[promo-theme.com/mato/wp-includes/js/dist/api-fetch.mind210.js]
[promo-theme.com/mato/wp-content/plugins/contact-form-7/includes/js/index91d5.js]
[promo-theme.com/mato/wp-content/plugins/woocommerce/assets/js/js-cookie/js.cookie.min6b25.js]
[promo-theme.com/mato/wp-content/plugins/woocommerce/assets/js/frontend/woocommerce.minaead.js]
[promo-theme.com/mato/wp-content/plugins/woocommerce/assets/js/frontend/cart-fragments.minaead.js]
[promo-theme.com/mato/wp-content/themes/mato/js/magic-cursor8a54.js]
[promo-theme.com/mato/wp-content/plugins/pt-mato-addons/assets/js/isotope.pkgd.min7c45.js]
[promo-theme.com/mato/wp-content/plugins/pt-mato-addons/assets/js/jquery.scrollbar.min22c9.js]
[promo-theme.com/mato/wp-content/themes/mato/js/scripts.js]
[promo-theme.com/mato/wp-content/plugins/pt-mato-addons/assets/js/js_composer_front.min8a54.js]
[promo-theme.com/mato/wp-content/plugins/pt-mato-addons/assets/js/parallax.min.js]
[promo-theme.com/mato/wp-content/plugins/pt-mato-addons/assets/js/photoswipe.min0235.js]
[promo-theme.com/mato/wp-content/plugins/pt-mato-addons/assets/js/photoswipe-ui-default.min0235.js]
[promo-theme.com/mato/wp-includes/js/imagesloaded.mineda1.js]
[promo-theme.com/mato/wp-content/plugins/pt-mato-addons/assets/js/load-posts343b.js]
[promo-theme.com/mato/wp-content/plugins/pt-mato-addons/assets/js/pt-scripts8a54.js]
[promo-theme.com/mato/wp-includes/js/wp-embed.min76f9.js]
[promo-theme.com/mato/wp-content/plugins/pt-mato-addons/assets/js/swiper.min268f.js]
[promo-theme.com/mato/wp-content/plugins/js_composer/assets/lib/vc_waypoints/vc-waypoints.min31dc.js]
[promo-theme.com/mato/actor-director/index.html]
[promo-theme.com/mato/wp-includes/css/dist/block-library/style.min76f9.css]
[promo-theme.com/mato/wp-content/plugins/woocommerce/packages/woocommerce-blocks/build/vendors-stylecce7.css]
[promo-theme.com/mato/wp-content/plugins/woocommerce/packages/woocommerce-blocks/build/stylecce7.css]
[promo-theme.com/mato/wp-content/plugins/contact-form-7/includes/css/styles91d5.css]
[promo-theme.com/mato/wp-content/plugins/cookie-law-info/public/css/cookie-law-info-public001e.css]
[promo-theme.com/mato/wp-content/plugins/cookie-law-info/public/css/cookie-law-info-gdpr001e.css]
[promo-theme.com/mato/wp-content/themes/mato/css/iconfont76f9.css]
[promo-theme.com/mato/wp-content/plugins/pt-mato-addons/assets/js/jquery.textfill.min61ea.js]
[promo-theme.com/mato/wp-content/plugins/js_composer/assets/vc/alert.png]
[promo-theme.com/mato/wp-content/plugins/js_composer/assets/vc/info.png]
[promo-theme.com/mato/wp-content/plugins/js_composer/assets/vc/tick.png]
[promo-theme.com/mato/wp-content/plugins/js_composer/assets/vc/exclamation.png]
[promo-theme.com/mato/wp-content/plugins/js_composer/assets/images/icons/address-book.png]
[promo-theme.com/mato/wp-content/plugins/js_composer/assets/images/icons/alarm-clock.png]
[promo-theme.com/mato/wp-content/plugins/js_composer/assets/images/icons/anchor.png]
[promo-theme.com/mato/wp-content/plugins/js_composer/assets/images/icons/application-image.png]
[promo-theme.com/mato/wp-content/plugins/js_composer/assets/images/icons/arrow.png]
[promo-theme.com/mato/wp-content/plugins/js_composer/assets/images/icons/asterisk.png]
[promo-theme.com/mato/wp-content/plugins/js_composer/assets/images/icons/auction-hammer.png]
[promo-theme.com/mato/wp-content/plugins/js_composer/assets/images/icons/balloon.png]
[promo-theme.com/mato/wp-content/plugins/js_composer/assets/images/icons/balloon-buzz.png]
[promo-theme.com/mato/wp-content/plugins/js_composer/assets/images/icons/balloon-facebook.png]
[promo-theme.com/mato/wp-content/plugins/js_composer/assets/images/icons/balloon-twitter.png]
[promo-theme.com/mato/wp-content/plugins/js_composer/assets/images/icons/battery-full.png]
[promo-theme.com/mato/wp-content/plugins/js_composer/assets/images/icons/binocular.png]
[promo-theme.com/mato/wp-content/plugins/js_composer/assets/images/icons/blue-document-excel.png]
[promo-theme.com/mato/wp-content/plugins/js_composer/assets/images/icons/blue-document-image.png]
[promo-theme.com/mato/wp-content/plugins/js_composer/assets/images/icons/blue-document-music.png]
[promo-theme.com/mato/wp-content/plugins/js_composer/assets/images/icons/blue-document-office.png]
[promo-theme.com/mato/wp-content/plugins/js_composer/assets/images/icons/blue-document-pdf.png]
[promo-theme.com/mato/wp-content/plugins/js_composer/assets/images/icons/blue-document-powerpoint.png]
[promo-theme.com/mato/wp-content/plugins/js_composer/assets/images/icons/blue-document-word.png]
[promo-theme.com/mato/wp-content/plugins/js_composer/assets/images/icons/bookmark.png]
[promo-theme.com/mato/wp-content/plugins/js_composer/assets/images/icons/camcorder.png]
[promo-theme.com/mato/wp-content/plugins/js_composer/assets/images/icons/camera.png]
[promo-theme.com/mato/wp-content/plugins/js_composer/assets/images/icons/chart.png]
[promo-theme.com/mato/wp-content/plugins/js_composer/assets/images/icons/chart-pie.png]
[promo-theme.com/mato/wp-content/plugins/js_composer/assets/images/icons/clock.png]
[promo-theme.com/mato/wp-content/plugins/js_composer/assets/images/icons/control.png]
[promo-theme.com/mato/wp-content/plugins/js_composer/assets/images/icons/fire.png]
[promo-theme.com/mato/wp-content/plugins/js_composer/assets/images/icons/heart.png]
[promo-theme.com/mato/wp-content/plugins/js_composer/assets/images/icons/mail.png]
[promo-theme.com/mato/wp-content/plugins/js_composer/assets/images/icons/plus-shield.png]
[promo-theme.com/mato/wp-content/plugins/js_composer/assets/images/icons/video.png]
[promo-theme.com/mato/wp-content/plugins/js_composer/assets/images/toggle_open.png]
[promo-theme.com/mato/wp-content/plugins/js_composer/assets/images/toggle_close.png]
[promo-theme.com/mato/wp-content/plugins/js_composer/assets/images/flickr.png]
[promo-theme.com/mato/wp-content/plugins/js_composer/assets/images/spinner.gif]
[promo-theme.com/mato/wp-content/plugins/js_composer/assets/vc/remove.png]
[promo-theme.com/mato/wp-content/plugins/js_composer/assets/css/js_composer.min31dc.css]
[promo-theme.com/mato/wp-content/themes/mato/css/fontawesome.min76f9.css]
[promo-theme.com/mato/wp-content/themes/mato/style76f9.css]
[promo-theme.com/mato/wp-content/themes/mato/images/select.png]
[promo-theme.com/mato/wp-content/themes/mato/css/main76f9.css]
[promo-theme.com/mato/wp-content/themes/mato/css/woocommerce76f9.css]
[promo-theme.com/mato/wp-content/themes/mato/css/woocommerce-layout76f9.css]
[promo-theme.com/mato/wp-content/themes/mato/css/woocommerce-smallscreen76f9.css]
[promo-theme.com/mato/wp-content/themes/mato/css/select276f9.css]
[promo-theme.com/mato/wp-content/plugins/pt-mato-addons/assets/imgs/default-skin.png]
[promo-theme.com/mato/wp-content/plugins/pt-mato-addons/assets/imgs/preloader.gif]
[promo-theme.com/mato/wp-content/plugins/pt-mato-addons/assets/css/photoswipe.css]
[promo-theme.com/mato/wp-content/plugins/pt-mato-addons/assets/css/pt-addons76f9.css]
[promo-theme.com/mato/actor-director/404.html]
[promo-theme.com/mato/wp-content/plugins/js_composer/assets/lib/bower/animate-css/animate.min31dc.css]
[promo-theme.com/mato/wp-content/plugins/pt-mato-addons/assets/css/pt-inline76f9.css]
[promo-theme.com/mato/wp-content/plugins/pt-mato-addons/assets/css/swiper268f.css]
[promo-theme.com/mato/wp-content/plugins/pt-mato-addons/assets/imgs/preloader.html]
